// Jest Snapshot v1, https://goo.gl/fbAQLP

exports[`Snapshot 1`] = `
{
  "Parameters": {
    "BootstrapVersion": {
      "Default": "/cdk-bootstrap/hnb659fds/version",
      "Description": "Version of the CDK Bootstrap resources in this environment, automatically retrieved from SSM Parameter Store. [cdk:skip]",
      "Type": "AWS::SSM::Parameter::Value<String>",
    },
  },
  "Resources": {
    "LexBotRole0FBFF464": {
      "Properties": {
        "AssumeRolePolicyDocument": {
          "Statement": [
            {
              "Action": "sts:AssumeRole",
              "Effect": "Allow",
              "Principal": {
                "Service": "lexv2.amazonaws.com",
              },
            },
          ],
          "Version": "2012-10-17",
        },
        "Policies": [
          {
            "PolicyDocument": {
              "Statement": [
                {
                  "Action": "comprehend:DetectSentiment",
                  "Effect": "Allow",
                  "Resource": "*",
                },
              ],
              "Version": "2012-10-17",
            },
            "PolicyName": "LexRuntimeRolePolicy",
          },
        ],
        "Tags": [
          {
            "Key": "AppManagerCFNStackKey",
            "Value": "test",
          },
          {
            "Key": "Environment",
            "Value": "dev",
          },
        ],
      },
      "Type": "AWS::IAM::Role",
    },
    "LexBotRoleDefaultPolicyE0530F06": {
      "Properties": {
        "PolicyDocument": {
          "Statement": [
            {
              "Action": [
                "lex:*",
                "lex:CreateBotLocale",
                "lex:CreateBot",
                "lex:StartImport",
                "lex:DescribeBot",
                "lex:DescribeBotLocale",
                "lex:DescribeBotVersion",
                "lex:ListBots",
                "lex:ListBotAliases",
                "lex:ListBotLocales",
                "lex:ListBotVersions",
                "lex:PutBotAlias",
                "lex:PutBotChannelAssociation",
              ],
              "Effect": "Allow",
              "Resource": "*",
            },
          ],
          "Version": "2012-10-17",
        },
        "PolicyName": "LexBotRoleDefaultPolicyE0530F06",
        "Roles": [
          {
            "Ref": "LexBotRole0FBFF464",
          },
        ],
      },
      "Type": "AWS::IAM::Policy",
    },
    "LunchBot": {
      "Properties": {
        "AutoBuildBotLocales": true,
        "BotLocales": [
          {
            "Description": "LunchBot locale",
            "Intents": [
              {
                "Description": "Default intent when no other intent matches",
                "InitialResponseSetting": {
                  "CodeHook": {
                    "EnableCodeHookInvocation": true,
                    "IsActive": true,
                    "PostCodeHookSpecification": {
                      "FailureNextStep": {
                        "DialogAction": {
                          "Type": "EndConversation",
                        },
                      },
                      "SuccessNextStep": {
                        "DialogAction": {
                          "Type": "EndConversation",
                        },
                      },
                    },
                  },
                  "NextStep": {
                    "DialogAction": {
                      "Type": "InvokeDialogCodeHook",
                    },
                  },
                },
                "Name": "FallbackIntent",
                "ParentIntentSignature": "AMAZON.FallbackIntent",
              },
              {
                "Description": "Intent to suggest lunch",
                "DialogCodeHook": {
                  "Enabled": true,
                },
                "InitialResponseSetting": {
                  "NextStep": {
                    "DialogAction": {
                      "SlotToElicit": "OfficeLocation",
                      "Type": "ElicitSlot",
                    },
                  },
                },
                "Name": "SuggestLunch",
                "SampleUtterances": [
                  {
                    "Utterance": "What should I have for lunch?",
                  },
                  {
                    "Utterance": "Give me lunch suggestions",
                  },
                  {
                    "Utterance": "Suggest a lunch option",
                  },
                  {
                    "Utterance": "What's for lunch?",
                  },
                ],
                "SlotPriorities": [
                  {
                    "Priority": 1,
                    "SlotName": "OfficeLocation",
                  },
                  {
                    "Priority": 2,
                    "SlotName": "CuisineType",
                  },
                  {
                    "Priority": 3,
                    "SlotName": "DietaryRestrictions",
                  },
                  {
                    "Priority": 4,
                    "SlotName": "Budget",
                  },
                ],
                "Slots": [
                  {
                    "Name": "OfficeLocation",
                    "SlotTypeName": "OfficeLocations",
                    "ValueElicitationSetting": {
                      "PromptSpecification": {
                        "MaxRetries": 2,
                        "MessageGroupsList": [
                          {
                            "Message": {
                              "ImageResponseCard": {
                                "Buttons": [
                                  {
                                    "Text": "Kamppi",
                                    "Value": "Kamppi",
                                  },
                                  {
                                    "Text": "Hakaniemi",
                                    "Value": "Hakaniemi",
                                  },
                                ],
                                "ImageUrl": "https://www.sttinfo.fi/data/images/public/69817246/70096437/ff783596-4db9-40be-bd62-d1ab7b1d75c1-w_960.jpg",
                                "Title": "Select your office location",
                              },
                            },
                          },
                        ],
                      },
                      "SlotConstraint": "Required",
                    },
                  },
                  {
                    "Name": "CuisineType",
                    "SlotTypeName": "CuisineType",
                    "ValueElicitationSetting": {
                      "PromptSpecification": {
                        "MaxRetries": 2,
                        "MessageGroupsList": [
                          {
                            "Message": {
                              "PlainTextMessage": {
                                "Value": "What type of cuisine are you interested in?",
                              },
                            },
                          },
                        ],
                      },
                      "SlotConstraint": "Required",
                    },
                  },
                  {
                    "Name": "DietaryRestrictions",
                    "SlotTypeName": "DietaryRestrictions",
                    "ValueElicitationSetting": {
                      "PromptSpecification": {
                        "MaxRetries": 2,
                        "MessageGroupsList": [
                          {
                            "Message": {
                              "PlainTextMessage": {
                                "Value": "Do you have any dietary restrictions?",
                              },
                            },
                          },
                        ],
                      },
                      "SlotConstraint": "Optional",
                    },
                  },
                  {
                    "Name": "Budget",
                    "SlotTypeName": "AMAZON.Number",
                    "ValueElicitationSetting": {
                      "PromptSpecification": {
                        "MaxRetries": 2,
                        "MessageGroupsList": [
                          {
                            "Message": {
                              "PlainTextMessage": {
                                "Value": "What is your budget for lunch?",
                              },
                            },
                          },
                        ],
                      },
                      "SlotConstraint": "Optional",
                    },
                  },
                ],
              },
            ],
            "LocaleId": "en_US",
            "NluConfidenceThreshold": 0.4,
            "SlotTypes": [
              {
                "Description": "Office location",
                "Name": "OfficeLocations",
                "SlotTypeValues": [
                  {
                    "SampleValue": {
                      "Value": "Kamppi",
                    },
                  },
                  {
                    "SampleValue": {
                      "Value": "Hakaniemi",
                    },
                  },
                ],
                "ValueSelectionSetting": {
                  "ResolutionStrategy": "ORIGINAL_VALUE",
                },
              },
              {
                "Description": "Common dietary restrictions",
                "Name": "DietaryRestrictions",
                "SlotTypeValues": [
                  {
                    "SampleValue": {
                      "Value": "Vegetarian",
                    },
                  },
                  {
                    "SampleValue": {
                      "Value": "Vegan",
                    },
                  },
                ],
                "ValueSelectionSetting": {
                  "ResolutionStrategy": "ORIGINAL_VALUE",
                },
              },
              {
                "Description": "Types of cuisine",
                "Name": "CuisineType",
                "SlotTypeValues": [
                  {
                    "SampleValue": {
                      "Value": "Italian",
                    },
                  },
                  {
                    "SampleValue": {
                      "Value": "Chinese",
                    },
                  },
                  {
                    "SampleValue": {
                      "Value": "Mexican",
                    },
                  },
                  {
                    "SampleValue": {
                      "Value": "Indian",
                    },
                  },
                  {
                    "SampleValue": {
                      "Value": "American",
                    },
                  },
                ],
                "ValueSelectionSetting": {
                  "ResolutionStrategy": "ORIGINAL_VALUE",
                },
              },
            ],
          },
        ],
        "BotTags": [
          {
            "Key": "AppManagerCFNStackKey",
            "Value": "test",
          },
          {
            "Key": "Environment",
            "Value": "dev",
          },
        ],
        "DataPrivacy": {
          "ChildDirected": true,
        },
        "IdleSessionTTLInSeconds": 300,
        "Name": "LunchBot",
        "RoleArn": {
          "Fn::GetAtt": [
            "LexBotRole0FBFF464",
            "Arn",
          ],
        },
        "TestBotAliasSettings": {
          "BotAliasLocaleSettings": [
            {
              "BotAliasLocaleSetting": {
                "CodeHookSpecification": {
                  "LambdaCodeHook": {
                    "CodeHookInterfaceVersion": "1.0",
                    "LambdaArn": {
                      "Fn::GetAtt": [
                        "LunchfulfillmentLambdaB53264CB",
                        "Arn",
                      ],
                    },
                  },
                },
                "Enabled": true,
              },
              "LocaleId": "en_US",
            },
          ],
        },
      },
      "Type": "AWS::Lex::Bot",
    },
    "LunchBotVersion": {
      "Properties": {
        "BotId": {
          "Ref": "LunchBot",
        },
        "BotVersionLocaleSpecification": [
          {
            "BotVersionLocaleDetails": {
              "SourceBotVersion": "DRAFT",
            },
            "LocaleId": "en_US",
          },
        ],
      },
      "Type": "AWS::Lex::BotVersion",
    },
    "LunchStateTable49BC594E": {
      "DeletionPolicy": "Delete",
      "Properties": {
        "AttributeDefinitions": [
          {
            "AttributeName": "id",
            "AttributeType": "S",
          },
          {
            "AttributeName": "slot",
            "AttributeType": "S",
          },
        ],
        "BillingMode": "PAY_PER_REQUEST",
        "KeySchema": [
          {
            "AttributeName": "id",
            "KeyType": "HASH",
          },
          {
            "AttributeName": "slot",
            "KeyType": "RANGE",
          },
        ],
        "Replicas": [
          {
            "Region": {
              "Ref": "AWS::Region",
            },
          },
        ],
      },
      "Type": "AWS::DynamoDB::GlobalTable",
      "UpdateReplacePolicy": "Delete",
    },
    "LunchTableFC372FD3": {
      "DeletionPolicy": "Delete",
      "Properties": {
        "AttributeDefinitions": [
          {
            "AttributeName": "officeLocation",
            "AttributeType": "S",
          },
          {
            "AttributeName": "cuisineType",
            "AttributeType": "S",
          },
        ],
        "BillingMode": "PAY_PER_REQUEST",
        "GlobalSecondaryIndexes": [
          {
            "IndexName": "GSI_OfficeLocation_CuisineType",
            "KeySchema": [
              {
                "AttributeName": "officeLocation",
                "KeyType": "HASH",
              },
              {
                "AttributeName": "cuisineType",
                "KeyType": "RANGE",
              },
            ],
            "Projection": {
              "ProjectionType": "ALL",
            },
          },
        ],
        "KeySchema": [
          {
            "AttributeName": "officeLocation",
            "KeyType": "HASH",
          },
          {
            "AttributeName": "cuisineType",
            "KeyType": "RANGE",
          },
        ],
        "Replicas": [
          {
            "GlobalSecondaryIndexes": [
              {
                "IndexName": "GSI_OfficeLocation_CuisineType",
              },
            ],
            "Region": {
              "Ref": "AWS::Region",
            },
          },
        ],
      },
      "Type": "AWS::DynamoDB::GlobalTable",
      "UpdateReplacePolicy": "Delete",
    },
    "LunchfulfillmentLambdaB53264CB": {
      "DependsOn": [
        "LunchfulfillmentLambdaServiceRoleDefaultPolicyA1B832DE",
        "LunchfulfillmentLambdaServiceRole5FECAB66",
      ],
      "Properties": {
        "Code": {
          "S3Bucket": {
            "Fn::Sub": "[ASSET BUCKET]-\${AWS::AccountId}-\${AWS::Region}",
          },
          "S3Key": "[ASSET ZIP]",
        },
        "Environment": {
          "Variables": {
            "LUNCH_TABLE": {
              "Ref": "LunchTableFC372FD3",
            },
            "POWERTOOLS_LOG_LEVEL": "DEBUG",
            "SERVICE_NAME": "lunchbot",
            "STATE_TABLE": {
              "Ref": "LunchStateTable49BC594E",
            },
          },
        },
        "Handler": "index.handler",
        "Role": {
          "Fn::GetAtt": [
            "LunchfulfillmentLambdaServiceRole5FECAB66",
            "Arn",
          ],
        },
        "Runtime": "nodejs20.x",
        "Tags": [
          {
            "Key": "AppManagerCFNStackKey",
            "Value": "test",
          },
          {
            "Key": "Environment",
            "Value": "dev",
          },
        ],
      },
      "Type": "AWS::Lambda::Function",
    },
    "LunchfulfillmentLambdaLexInvocationE461C628": {
      "Properties": {
        "Action": "lambda:InvokeFunction",
        "FunctionName": {
          "Fn::GetAtt": [
            "LunchfulfillmentLambdaB53264CB",
            "Arn",
          ],
        },
        "Principal": "lexv2.amazonaws.com",
        "SourceArn": {
          "Fn::Join": [
            "",
            [
              "arn:aws:lex:",
              {
                "Ref": "AWS::Region",
              },
              ":",
              {
                "Ref": "AWS::AccountId",
              },
              ":bot-alias/",
              {
                "Fn::GetAtt": [
                  "LunchBot",
                  "Id",
                ],
              },
              "/*",
            ],
          ],
        },
      },
      "Type": "AWS::Lambda::Permission",
    },
    "LunchfulfillmentLambdaServiceRole5FECAB66": {
      "Properties": {
        "AssumeRolePolicyDocument": {
          "Statement": [
            {
              "Action": "sts:AssumeRole",
              "Effect": "Allow",
              "Principal": {
                "Service": "lambda.amazonaws.com",
              },
            },
          ],
          "Version": "2012-10-17",
        },
        "ManagedPolicyArns": [
          {
            "Fn::Join": [
              "",
              [
                "arn:",
                {
                  "Ref": "AWS::Partition",
                },
                ":iam::aws:policy/service-role/AWSLambdaBasicExecutionRole",
              ],
            ],
          },
        ],
        "Tags": [
          {
            "Key": "AppManagerCFNStackKey",
            "Value": "test",
          },
          {
            "Key": "Environment",
            "Value": "dev",
          },
        ],
      },
      "Type": "AWS::IAM::Role",
    },
    "LunchfulfillmentLambdaServiceRoleDefaultPolicyA1B832DE": {
      "Properties": {
        "PolicyDocument": {
          "Statement": [
            {
              "Action": [
                "dynamodb:BatchGetItem",
                "dynamodb:GetRecords",
                "dynamodb:GetShardIterator",
                "dynamodb:Query",
                "dynamodb:GetItem",
                "dynamodb:Scan",
                "dynamodb:ConditionCheckItem",
                "dynamodb:BatchWriteItem",
                "dynamodb:PutItem",
                "dynamodb:UpdateItem",
                "dynamodb:DeleteItem",
                "dynamodb:DescribeTable",
              ],
              "Effect": "Allow",
              "Resource": {
                "Fn::GetAtt": [
                  "LunchStateTable49BC594E",
                  "Arn",
                ],
              },
            },
            {
              "Action": [
                "dynamodb:BatchGetItem",
                "dynamodb:GetRecords",
                "dynamodb:GetShardIterator",
                "dynamodb:Query",
                "dynamodb:GetItem",
                "dynamodb:Scan",
                "dynamodb:ConditionCheckItem",
                "dynamodb:DescribeTable",
              ],
              "Effect": "Allow",
              "Resource": [
                {
                  "Fn::GetAtt": [
                    "LunchTableFC372FD3",
                    "Arn",
                  ],
                },
                {
                  "Fn::Join": [
                    "",
                    [
                      {
                        "Fn::GetAtt": [
                          "LunchTableFC372FD3",
                          "Arn",
                        ],
                      },
                      "/index/*",
                    ],
                  ],
                },
              ],
            },
          ],
          "Version": "2012-10-17",
        },
        "PolicyName": "LunchfulfillmentLambdaServiceRoleDefaultPolicyA1B832DE",
        "Roles": [
          {
            "Ref": "LunchfulfillmentLambdaServiceRole5FECAB66",
          },
        ],
      },
      "Type": "AWS::IAM::Policy",
    },
    "devBotAlias": {
      "Properties": {
        "BotAliasLocaleSettings": [
          {
            "BotAliasLocaleSetting": {
              "CodeHookSpecification": {
                "LambdaCodeHook": {
                  "CodeHookInterfaceVersion": "1.0",
                  "LambdaArn": {
                    "Fn::GetAtt": [
                      "LunchfulfillmentLambdaB53264CB",
                      "Arn",
                    ],
                  },
                },
              },
              "Enabled": true,
            },
            "LocaleId": "en_US",
          },
        ],
        "BotAliasName": "dev",
        "BotId": {
          "Ref": "LunchBot",
        },
        "BotVersion": {
          "Fn::GetAtt": [
            "LunchBotVersion",
            "BotVersion",
          ],
        },
        "SentimentAnalysisSettings": {
          "DetectSentiment": true,
        },
      },
      "Type": "AWS::Lex::BotAlias",
    },
  },
  "Rules": {
    "CheckBootstrapVersion": {
      "Assertions": [
        {
          "Assert": {
            "Fn::Not": [
              {
                "Fn::Contains": [
                  [
                    "1",
                    "2",
                    "3",
                    "4",
                    "5",
                  ],
                  {
                    "Ref": "BootstrapVersion",
                  },
                ],
              },
            ],
          },
          "AssertDescription": "CDK bootstrap stack version 6 required. Please run 'cdk bootstrap' with a recent version of the CDK CLI.",
        },
      ],
    },
  },
}
`;
